The stack address was not found in any shared library or the main program, the stack is probably corrupted.
Aborting...
